# t[ps]  lambda_tot  lambda_Clath
10000  1183.84  1183.84
10001  1189.99  1189.99
10002  1167.53  1167.53
10003  1200.41  1200.41
10004  1186.34  1186.34
10005  1221.39  1221.39
