# CHILL+ counts of different kinds of waters
# CHILL+ categories (column number indexed from 1)
#    2: Liquid                     =  Liq
#    3: Hexagonal ice              =  Hex
#    4: Cubic ice                  =  Cubic
#    5: Interfacial ice            =  IntIce
#    6: Clathrate                  =  Clath
#    7: Interfacial clathrate      =  IntClath
#    8: Ice-like                   =  IceTot
#    9: Clathrate-like             =  ClathTot
#   10: Solid-like                 =  SolidTot
#   11: Surface ice                =  SurfIce
#   12: Surface clathrate          =  SurfClath
#   13: Ice-like (CHILL*)          =  IceTot*
#   14: Clathrate-like (CHILL*)    =  ClathTot*
#   15: Solid-like (CHILL*)        =  SolidTot*
#   16: Total (all categories)     =  Total
#
#   Stat        Liq       Hex     Cubic    IntIce     Clath  IntClath    IceTot  ClathTot  SolidTot   SurfIce SurfClath   IceTot* ClathTot* SolidTot*     Total 
#   avgN    1963.36   1.45455         0         0   1090.45   94.7273   1.45455   1185.18   1186.64         0         0   1.45455   1185.18   1186.64      3150 
#   stdevN  12.9867  0.934199         0         0   10.3669   6.94393  0.934199   13.2123   12.9867         0         0  0.934199   13.2123   12.9867         0 
#     t[ps]       Liq       Hex     Cubic    IntIce     Clath  IntClath    IceTot  ClathTot  SolidTot   SurfIce SurfClath   IceTot* ClathTot* SolidTot*     Total 
    14000      1972         3         0         0      1085        90         3      1175      1178         0         0         3      1175      1178      3150 
    14100      1983         1         0         0      1080        86         1      1166      1167         0         0         1      1166      1167      3150 
    14200      1962         0         0         0      1091        97         0      1188      1188         0         0         0      1188      1188      3150 
    14300      1958         1         0         0      1097        94         1      1191      1192         0         0         1      1191      1192      3150 
    14400      1968         1         0         0      1090        91         1      1181      1182         0         0         1      1181      1182      3150 
    14500      1976         2         0         0      1077        95         2      1172      1174         0         0         2      1172      1174      3150 
    14600      1957         1         0         0      1102        90         1      1192      1193         0         0         1      1192      1193      3150 
    14700      1968         1         0         0      1094        87         1      1181      1182         0         0         1      1181      1182      3150 
    14800      1948         2         0         0      1092       108         2      1200      1202         0         0         2      1200      1202      3150 
    14900      1937         1         0         0      1110       102         1      1212      1213         0         0         1      1212      1213      3150 
    15000      1968         3         0         0      1077       102         3      1179      1182         0         0         3      1179      1182      3150 
